Archive member included to satisfy reference by file (symbol)

c:/program files (x86)/embitz/2.50/share/armgcc/bin/../lib/gcc/arm-none-eabi/9.3.1/../../../../arm-none-eabi/lib/thumb/v7e-m+fp/hard\libg_nano.a(lib_a-exit.o)
                              c:/program files (x86)/embitz/2.50/share/armgcc/bin/../lib/gcc/arm-none-eabi/9.3.1/../../../../arm-none-eabi/lib/thumb/v7e-m+fp/hard/crt0.o (exit)
c:/program files (x86)/embitz/2.50/share/armgcc/bin/../lib/gcc/arm-none-eabi/9.3.1/../../../../arm-none-eabi/lib/thumb/v7e-m+fp/hard\libg_nano.a(lib_a-impure.o)
                              c:/program files (x86)/embitz/2.50/share/armgcc/bin/../lib/gcc/arm-none-eabi/9.3.1/../../../../arm-none-eabi/lib/thumb/v7e-m+fp/hard\libg_nano.a(lib_a-exit.o) (_global_impure_ptr)
c:/program files (x86)/embitz/2.50/share/armgcc/bin/../lib/gcc/arm-none-eabi/9.3.1/../../../../arm-none-eabi/lib/thumb/v7e-m+fp/hard\libg_nano.a(lib_a-init.o)
                              c:/program files (x86)/embitz/2.50/share/armgcc/bin/../lib/gcc/arm-none-eabi/9.3.1/../../../../arm-none-eabi/lib/thumb/v7e-m+fp/hard/crt0.o (__libc_init_array)
c:/program files (x86)/embitz/2.50/share/armgcc/bin/../lib/gcc/arm-none-eabi/9.3.1/../../../../arm-none-eabi/lib/thumb/v7e-m+fp/hard\libg_nano.a(lib_a-memset.o)
                              c:/program files (x86)/embitz/2.50/share/armgcc/bin/../lib/gcc/arm-none-eabi/9.3.1/../../../../arm-none-eabi/lib/thumb/v7e-m+fp/hard/crt0.o (memset)
c:/program files (x86)/embitz/2.50/share/armgcc/bin/../lib/gcc/arm-none-eabi/9.3.1/../../../../arm-none-eabi/lib/thumb/v7e-m+fp/hard\libnosys.a(_exit.o)
                              c:/program files (x86)/embitz/2.50/share/armgcc/bin/../lib/gcc/arm-none-eabi/9.3.1/../../../../arm-none-eabi/lib/thumb/v7e-m+fp/hard\libg_nano.a(lib_a-exit.o) (_exit)

Discarded input sections

 .text          0x00000000        0x0 c:/program files (x86)/embitz/2.50/share/armgcc/bin/../lib/gcc/arm-none-eabi/9.3.1/thumb/v7e-m+fp/hard/crti.o
 .data          0x00000000        0x0 c:/program files (x86)/embitz/2.50/share/armgcc/bin/../lib/gcc/arm-none-eabi/9.3.1/thumb/v7e-m+fp/hard/crti.o
 .bss           0x00000000        0x0 c:/program files (x86)/embitz/2.50/share/armgcc/bin/../lib/gcc/arm-none-eabi/9.3.1/thumb/v7e-m+fp/hard/crti.o
 .data          0x00000000        0x4 c:/program files (x86)/embitz/2.50/share/armgcc/bin/../lib/gcc/arm-none-eabi/9.3.1/thumb/v7e-m+fp/hard/crtbegin.o
 .text          0x00000000       0x7c c:/program files (x86)/embitz/2.50/share/armgcc/bin/../lib/gcc/arm-none-eabi/9.3.1/../../../../arm-none-eabi/lib/thumb/v7e-m+fp/hard/crt0.o
 .data          0x00000000        0x0 c:/program files (x86)/embitz/2.50/share/armgcc/bin/../lib/gcc/arm-none-eabi/9.3.1/../../../../arm-none-eabi/lib/thumb/v7e-m+fp/hard/crt0.o
 .bss           0x00000000        0x0 c:/program files (x86)/embitz/2.50/share/armgcc/bin/../lib/gcc/arm-none-eabi/9.3.1/../../../../arm-none-eabi/lib/thumb/v7e-m+fp/hard/crt0.o
 .ARM.extab     0x00000000        0x0 c:/program files (x86)/embitz/2.50/share/armgcc/bin/../lib/gcc/arm-none-eabi/9.3.1/../../../../arm-none-eabi/lib/thumb/v7e-m+fp/hard/crt0.o
 .ARM.exidx     0x00000000       0x10 c:/program files (x86)/embitz/2.50/share/armgcc/bin/../lib/gcc/arm-none-eabi/9.3.1/../../../../arm-none-eabi/lib/thumb/v7e-m+fp/hard/crt0.o
 .ARM.attributes
                0x00000000       0x1c c:/program files (x86)/embitz/2.50/share/armgcc/bin/../lib/gcc/arm-none-eabi/9.3.1/../../../../arm-none-eabi/lib/thumb/v7e-m+fp/hard/crt0.o
 .text          0x00000000       0x14 obj\debug\src\startup_stm32f301x8.o
 .data          0x00000000        0x0 obj\debug\src\startup_stm32f301x8.o
 .bss           0x00000000        0x0 obj\debug\src\startup_stm32f301x8.o
 .text          0x00000000        0x0 obj\debug\src\mcu_setup.o
 .data          0x00000000        0x0 obj\debug\src\mcu_setup.o
 .bss           0x00000000        0x0 obj\debug\src\mcu_setup.o
 .text          0x00000000        0x0 obj\debug\src\system_stm32f30x.o
 .data          0x00000000        0x0 obj\debug\src\system_stm32f30x.o
 .bss           0x00000000        0x0 obj\debug\src\system_stm32f30x.o
 .data.SystemCoreClock
                0x00000000        0x4 obj\debug\src\system_stm32f30x.o
 .data.AHBPrescTable
                0x00000000       0x10 obj\debug\src\system_stm32f30x.o
 .text.SystemCoreClockUpdate
                0x00000000       0xe4 obj\debug\src\system_stm32f30x.o
 .text          0x00000000        0x0 obj\debug\src\usart_setup.o
 .data          0x00000000        0x0 obj\debug\src\usart_setup.o
 .bss           0x00000000        0x0 obj\debug\src\usart_setup.o
 .text          0x00000000        0x0 obj\debug\src\main.o
 .data          0x00000000        0x0 obj\debug\src\main.o
 .bss           0x00000000        0x0 obj\debug\src\main.o
 .text          0x00000000        0x0 c:/program files (x86)/embitz/2.50/share/armgcc/bin/../lib/gcc/arm-none-eabi/9.3.1/../../../../arm-none-eabi/lib/thumb/v7e-m+fp/hard\libg_nano.a(lib_a-exit.o)
 .data          0x00000000        0x0 c:/program files (x86)/embitz/2.50/share/armgcc/bin/../lib/gcc/arm-none-eabi/9.3.1/../../../../arm-none-eabi/lib/thumb/v7e-m+fp/hard\libg_nano.a(lib_a-exit.o)
 .bss           0x00000000        0x0 c:/program files (x86)/embitz/2.50/share/armgcc/bin/../lib/gcc/arm-none-eabi/9.3.1/../../../../arm-none-eabi/lib/thumb/v7e-m+fp/hard\libg_nano.a(lib_a-exit.o)
 .text.exit     0x00000000       0x28 c:/program files (x86)/embitz/2.50/share/armgcc/bin/../lib/gcc/arm-none-eabi/9.3.1/../../../../arm-none-eabi/lib/thumb/v7e-m+fp/hard\libg_nano.a(lib_a-exit.o)
 .debug_frame   0x00000000       0x28 c:/program files (x86)/embitz/2.50/share/armgcc/bin/../lib/gcc/arm-none-eabi/9.3.1/../../../../arm-none-eabi/lib/thumb/v7e-m+fp/hard\libg_nano.a(lib_a-exit.o)
 .ARM.attributes
                0x00000000       0x34 c:/program files (x86)/embitz/2.50/share/armgcc/bin/../lib/gcc/arm-none-eabi/9.3.1/../../../../arm-none-eabi/lib/thumb/v7e-m+fp/hard\libg_nano.a(lib_a-exit.o)
 .text          0x00000000        0x0 c:/program files (x86)/embitz/2.50/share/armgcc/bin/../lib/gcc/arm-none-eabi/9.3.1/../../../../arm-none-eabi/lib/thumb/v7e-m+fp/hard\libg_nano.a(lib_a-impure.o)
 .data          0x00000000        0x0 c:/program files (x86)/embitz/2.50/share/armgcc/bin/../lib/gcc/arm-none-eabi/9.3.1/../../../../arm-none-eabi/lib/thumb/v7e-m+fp/hard\libg_nano.a(lib_a-impure.o)
 .bss           0x00000000        0x0 c:/program files (x86)/embitz/2.50/share/armgcc/bin/../lib/gcc/arm-none-eabi/9.3.1/../../../../arm-none-eabi/lib/thumb/v7e-m+fp/hard\libg_nano.a(lib_a-impure.o)
 .data._impure_ptr
                0x00000000        0x4 c:/program files (x86)/embitz/2.50/share/armgcc/bin/../lib/gcc/arm-none-eabi/9.3.1/../../../../arm-none-eabi/lib/thumb/v7e-m+fp/hard\libg_nano.a(lib_a-impure.o)
 .data.impure_data
                0x00000000       0x60 c:/program files (x86)/embitz/2.50/share/armgcc/bin/../lib/gcc/arm-none-eabi/9.3.1/../../../../arm-none-eabi/lib/thumb/v7e-m+fp/hard\libg_nano.a(lib_a-impure.o)
 .rodata._global_impure_ptr
                0x00000000        0x4 c:/program files (x86)/embitz/2.50/share/armgcc/bin/../lib/gcc/arm-none-eabi/9.3.1/../../../../arm-none-eabi/lib/thumb/v7e-m+fp/hard\libg_nano.a(lib_a-impure.o)
 .ARM.attributes
                0x00000000       0x32 c:/program files (x86)/embitz/2.50/share/armgcc/bin/../lib/gcc/arm-none-eabi/9.3.1/../../../../arm-none-eabi/lib/thumb/v7e-m+fp/hard\libg_nano.a(lib_a-impure.o)
 .text          0x00000000        0x0 c:/program files (x86)/embitz/2.50/share/armgcc/bin/../lib/gcc/arm-none-eabi/9.3.1/../../../../arm-none-eabi/lib/thumb/v7e-m+fp/hard\libg_nano.a(lib_a-init.o)
 .data          0x00000000        0x0 c:/program files (x86)/embitz/2.50/share/armgcc/bin/../lib/gcc/arm-none-eabi/9.3.1/../../../../arm-none-eabi/lib/thumb/v7e-m+fp/hard\libg_nano.a(lib_a-init.o)
 .bss           0x00000000        0x0 c:/program files (x86)/embitz/2.50/share/armgcc/bin/../lib/gcc/arm-none-eabi/9.3.1/../../../../arm-none-eabi/lib/thumb/v7e-m+fp/hard\libg_nano.a(lib_a-init.o)
 .text.__libc_init_array
                0x00000000       0x48 c:/program files (x86)/embitz/2.50/share/armgcc/bin/../lib/gcc/arm-none-eabi/9.3.1/../../../../arm-none-eabi/lib/thumb/v7e-m+fp/hard\libg_nano.a(lib_a-init.o)
 .debug_frame   0x00000000       0x2c c:/program files (x86)/embitz/2.50/share/armgcc/bin/../lib/gcc/arm-none-eabi/9.3.1/../../../../arm-none-eabi/lib/thumb/v7e-m+fp/hard\libg_nano.a(lib_a-init.o)
 .ARM.attributes
                0x00000000       0x34 c:/program files (x86)/embitz/2.50/share/armgcc/bin/../lib/gcc/arm-none-eabi/9.3.1/../../../../arm-none-eabi/lib/thumb/v7e-m+fp/hard\libg_nano.a(lib_a-init.o)
 .text          0x00000000        0x0 c:/program files (x86)/embitz/2.50/share/armgcc/bin/../lib/gcc/arm-none-eabi/9.3.1/../../../../arm-none-eabi/lib/thumb/v7e-m+fp/hard\libg_nano.a(lib_a-memset.o)
 .data          0x00000000        0x0 c:/program files (x86)/embitz/2.50/share/armgcc/bin/../lib/gcc/arm-none-eabi/9.3.1/../../../../arm-none-eabi/lib/thumb/v7e-m+fp/hard\libg_nano.a(lib_a-memset.o)
 .bss           0x00000000        0x0 c:/program files (x86)/embitz/2.50/share/armgcc/bin/../lib/gcc/arm-none-eabi/9.3.1/../../../../arm-none-eabi/lib/thumb/v7e-m+fp/hard\libg_nano.a(lib_a-memset.o)
 .text.memset   0x00000000       0x10 c:/program files (x86)/embitz/2.50/share/armgcc/bin/../lib/gcc/arm-none-eabi/9.3.1/../../../../arm-none-eabi/lib/thumb/v7e-m+fp/hard\libg_nano.a(lib_a-memset.o)
 .debug_frame   0x00000000       0x20 c:/program files (x86)/embitz/2.50/share/armgcc/bin/../lib/gcc/arm-none-eabi/9.3.1/../../../../arm-none-eabi/lib/thumb/v7e-m+fp/hard\libg_nano.a(lib_a-memset.o)
 .ARM.attributes
                0x00000000       0x34 c:/program files (x86)/embitz/2.50/share/armgcc/bin/../lib/gcc/arm-none-eabi/9.3.1/../../../../arm-none-eabi/lib/thumb/v7e-m+fp/hard\libg_nano.a(lib_a-memset.o)
 .text          0x00000000        0x0 c:/program files (x86)/embitz/2.50/share/armgcc/bin/../lib/gcc/arm-none-eabi/9.3.1/../../../../arm-none-eabi/lib/thumb/v7e-m+fp/hard\libnosys.a(_exit.o)
 .data          0x00000000        0x0 c:/program files (x86)/embitz/2.50/share/armgcc/bin/../lib/gcc/arm-none-eabi/9.3.1/../../../../arm-none-eabi/lib/thumb/v7e-m+fp/hard\libnosys.a(_exit.o)
 .bss           0x00000000        0x0 c:/program files (x86)/embitz/2.50/share/armgcc/bin/../lib/gcc/arm-none-eabi/9.3.1/../../../../arm-none-eabi/lib/thumb/v7e-m+fp/hard\libnosys.a(_exit.o)
 .text._exit    0x00000000        0x4 c:/program files (x86)/embitz/2.50/share/armgcc/bin/../lib/gcc/arm-none-eabi/9.3.1/../../../../arm-none-eabi/lib/thumb/v7e-m+fp/hard\libnosys.a(_exit.o)
 .debug_frame   0x00000000       0x20 c:/program files (x86)/embitz/2.50/share/armgcc/bin/../lib/gcc/arm-none-eabi/9.3.1/../../../../arm-none-eabi/lib/thumb/v7e-m+fp/hard\libnosys.a(_exit.o)
 .ARM.attributes
                0x00000000       0x34 c:/program files (x86)/embitz/2.50/share/armgcc/bin/../lib/gcc/arm-none-eabi/9.3.1/../../../../arm-none-eabi/lib/thumb/v7e-m+fp/hard\libnosys.a(_exit.o)
 .text          0x00000000        0x0 c:/program files (x86)/embitz/2.50/share/armgcc/bin/../lib/gcc/arm-none-eabi/9.3.1/thumb/v7e-m+fp/hard/crtend.o
 .data          0x00000000        0x0 c:/program files (x86)/embitz/2.50/share/armgcc/bin/../lib/gcc/arm-none-eabi/9.3.1/thumb/v7e-m+fp/hard/crtend.o
 .bss           0x00000000        0x0 c:/program files (x86)/embitz/2.50/share/armgcc/bin/../lib/gcc/arm-none-eabi/9.3.1/thumb/v7e-m+fp/hard/crtend.o
 .eh_frame      0x00000000        0x4 c:/program files (x86)/embitz/2.50/share/armgcc/bin/../lib/gcc/arm-none-eabi/9.3.1/thumb/v7e-m+fp/hard/crtend.o
 .ARM.attributes
                0x00000000       0x32 c:/program files (x86)/embitz/2.50/share/armgcc/bin/../lib/gcc/arm-none-eabi/9.3.1/thumb/v7e-m+fp/hard/crtend.o
 .text          0x00000000        0x0 c:/program files (x86)/embitz/2.50/share/armgcc/bin/../lib/gcc/arm-none-eabi/9.3.1/thumb/v7e-m+fp/hard/crtn.o
 .data          0x00000000        0x0 c:/program files (x86)/embitz/2.50/share/armgcc/bin/../lib/gcc/arm-none-eabi/9.3.1/thumb/v7e-m+fp/hard/crtn.o
 .bss           0x00000000        0x0 c:/program files (x86)/embitz/2.50/share/armgcc/bin/../lib/gcc/arm-none-eabi/9.3.1/thumb/v7e-m+fp/hard/crtn.o

Memory Configuration

Name             Origin             Length             Attributes
FLASH            0x08000000         0x00010000         xr
RAM              0x20000000         0x00004000         xrw
*default*        0x00000000         0xffffffff

Linker script and memory map

LOAD c:/program files (x86)/embitz/2.50/share/armgcc/bin/../lib/gcc/arm-none-eabi/9.3.1/thumb/v7e-m+fp/hard/crti.o
LOAD c:/program files (x86)/embitz/2.50/share/armgcc/bin/../lib/gcc/arm-none-eabi/9.3.1/thumb/v7e-m+fp/hard/crtbegin.o
LOAD c:/program files (x86)/embitz/2.50/share/armgcc/bin/../lib/gcc/arm-none-eabi/9.3.1/../../../../arm-none-eabi/lib/thumb/v7e-m+fp/hard/crt0.o
                0x00000000                __HEAP_SIZE = 0x0
                0x00000100                __STACK_SIZE = 0x100
                0x00000000                _Min_Heap_Size = __HEAP_SIZE
                0x00000100                _Min_Stack_Size = __STACK_SIZE
                0x20004000                _estack = (ORIGIN (RAM) + LENGTH (RAM))

.isr_vector     0x08000000      0x188
                0x08000000                . = ALIGN (0x4)
 *(.isr_vector)
 .isr_vector    0x08000000      0x188 obj\debug\src\startup_stm32f301x8.o
                0x08000000                g_pfnVectors
                0x08000188                . = ALIGN (0x4)

.text           0x08000188      0x6fc
                0x08000188                . = ALIGN (0x4)
 *(.text)
 .text          0x08000188       0x40 c:/program files (x86)/embitz/2.50/share/armgcc/bin/../lib/gcc/arm-none-eabi/9.3.1/thumb/v7e-m+fp/hard/crtbegin.o
 *(.text*)
 .text.Reset_Handler
                0x080001c8       0x4c obj\debug\src\startup_stm32f301x8.o
                0x080001c8                Reset_Handler
 .text.Default_Handler
                0x08000214        0x2 obj\debug\src\startup_stm32f301x8.o
                0x08000214                RTC_Alarm_IRQHandler
                0x08000214                DebugMon_Handler
                0x08000214                TIM1_CC_IRQHandler
                0x08000214                HardFault_Handler
                0x08000214                SysTick_Handler
                0x08000214                PVD_IRQHandler
                0x08000214                TAMP_STAMP_IRQHandler
                0x08000214                PendSV_Handler
                0x08000214                NMI_Handler
                0x08000214                EXTI3_IRQHandler
                0x08000214                I2C3_ER_IRQHandler
                0x08000214                EXTI0_IRQHandler
                0x08000214                I2C2_EV_IRQHandler
                0x08000214                FPU_IRQHandler
                0x08000214                TIM1_UP_TIM16_IRQHandler
                0x08000214                UsageFault_Handler
                0x08000214                TIM6_DAC_IRQHandler
                0x08000214                DMA1_Channel4_IRQHandler
                0x08000214                ADC1_IRQHandler
                0x08000214                USART3_IRQHandler
                0x08000214                DMA1_Channel7_IRQHandler
                0x08000214                I2C1_EV_IRQHandler
                0x08000214                DMA1_Channel6_IRQHandler
                0x08000214                RCC_IRQHandler
                0x08000214                DMA1_Channel1_IRQHandler
                0x08000214                Default_Handler
                0x08000214                EXTI15_10_IRQHandler
                0x08000214                COMP2_IRQHandler
                0x08000214                I2C3_EV_IRQHandler
                0x08000214                EXTI9_5_IRQHandler
                0x08000214                RTC_WKUP_IRQHandler
                0x08000214                SPI2_IRQHandler
                0x08000214                MemManage_Handler
                0x08000214                SVC_Handler
                0x08000214                DMA1_Channel5_IRQHandler
                0x08000214                EXTI4_IRQHandler
                0x08000214                TIM1_TRG_COM_TIM17_IRQHandler
                0x08000214                DMA1_Channel3_IRQHandler
                0x08000214                WWDG_IRQHandler
                0x08000214                TIM2_IRQHandler
                0x08000214                EXTI1_IRQHandler
                0x08000214                COMP4_6_IRQHandler
                0x08000214                USART2_IRQHandler
                0x08000214                I2C2_ER_IRQHandler
                0x08000214                DMA1_Channel2_IRQHandler
                0x08000214                FLASH_IRQHandler
                0x08000214                BusFault_Handler
                0x08000214                USART1_IRQHandler
                0x08000214                SPI3_IRQHandler
                0x08000214                I2C1_ER_IRQHandler
                0x08000214                EXTI2_TSC_IRQHandler
                0x08000214                TIM1_BRK_TIM15_IRQHandler
 *fill*         0x08000216        0x2 
 .text.init_clock
                0x08000218       0x6c obj\debug\src\mcu_setup.o
                0x08000218                init_clock
 .text.init_gpio
                0x08000284       0x78 obj\debug\src\mcu_setup.o
                0x08000284                init_gpio
 .text.init_dac
                0x080002fc       0x30 obj\debug\src\mcu_setup.o
                0x080002fc                init_dac
 .text.init_adc
                0x0800032c       0xf4 obj\debug\src\mcu_setup.o
                0x0800032c                init_adc
 .text.SystemInit
                0x08000420       0x94 obj\debug\src\system_stm32f30x.o
                0x08000420                SystemInit
 .text.SetSysClock
                0x080004b4       0xe4 obj\debug\src\system_stm32f30x.o
 .text.init_usart2
                0x08000598       0x44 obj\debug\src\usart_setup.o
                0x08000598                init_usart2
 .text.usart_send_byte
                0x080005dc       0x34 obj\debug\src\usart_setup.o
                0x080005dc                usart_send_byte
 .text.main     0x08000610      0x25c obj\debug\src\main.o
                0x08000610                main
 *(.glue_7)
 .glue_7        0x0800086c        0x0 linker stubs
 *(.glue_7t)
 .glue_7t       0x0800086c        0x0 linker stubs
 *(.eh_frame)
 .eh_frame      0x0800086c        0x0 c:/program files (x86)/embitz/2.50/share/armgcc/bin/../lib/gcc/arm-none-eabi/9.3.1/thumb/v7e-m+fp/hard/crtbegin.o
 *(.init)
 .init          0x0800086c        0x4 c:/program files (x86)/embitz/2.50/share/armgcc/bin/../lib/gcc/arm-none-eabi/9.3.1/thumb/v7e-m+fp/hard/crti.o
                0x0800086c                _init
 .init          0x08000870        0x8 c:/program files (x86)/embitz/2.50/share/armgcc/bin/../lib/gcc/arm-none-eabi/9.3.1/thumb/v7e-m+fp/hard/crtn.o
 *(.fini)
 .fini          0x08000878        0x4 c:/program files (x86)/embitz/2.50/share/armgcc/bin/../lib/gcc/arm-none-eabi/9.3.1/thumb/v7e-m+fp/hard/crti.o
                0x08000878                _fini
 .fini          0x0800087c        0x8 c:/program files (x86)/embitz/2.50/share/armgcc/bin/../lib/gcc/arm-none-eabi/9.3.1/thumb/v7e-m+fp/hard/crtn.o
                0x08000884                . = ALIGN (0x4)
                0x08000884                _etext = .

.vfp11_veneer   0x08000884        0x0
 .vfp11_veneer  0x08000884        0x0 linker stubs

.v4_bx          0x08000884        0x0
 .v4_bx         0x08000884        0x0 linker stubs

.iplt           0x08000884        0x0
 .iplt          0x08000884        0x0 c:/program files (x86)/embitz/2.50/share/armgcc/bin/../lib/gcc/arm-none-eabi/9.3.1/thumb/v7e-m+fp/hard/crtbegin.o

.rodata         0x08000884       0x1c
                0x08000884                . = ALIGN (0x4)
 *(.rodata)
 .rodata        0x08000884       0x1c obj\debug\src\main.o
 *(.rodata*)
                0x080008a0                . = ALIGN (0x4)

.rel.dyn        0x080008a0        0x0
 .rel.iplt      0x080008a0        0x0 c:/program files (x86)/embitz/2.50/share/armgcc/bin/../lib/gcc/arm-none-eabi/9.3.1/thumb/v7e-m+fp/hard/crtbegin.o

.ARM.extab
 *(.ARM.extab* .gnu.linkonce.armextab.*)

.ARM            0x080008a0        0x0
                0x080008a0                __exidx_start = .
 *(.ARM.exidx*)
                0x080008a0                __exidx_end = .

.preinit_array  0x080008a0        0x0
                0x080008a0                PROVIDE (__preinit_array_start = .)
 *(.preinit_array*)
                0x080008a0                PROVIDE (__preinit_array_end = .)

.init_array     0x080008a0        0x4
                0x080008a0                PROVIDE (__init_array_start = .)
 *(SORT_BY_NAME(.init_array.*))
 *(.init_array*)
 .init_array    0x080008a0        0x4 c:/program files (x86)/embitz/2.50/share/armgcc/bin/../lib/gcc/arm-none-eabi/9.3.1/thumb/v7e-m+fp/hard/crtbegin.o
                0x080008a4                PROVIDE (__init_array_end = .)

.fini_array     0x080008a4        0x4
                [!provide]                PROVIDE (__fini_array_start = .)
 *(SORT_BY_NAME(.fini_array.*))
 *(.fini_array*)
 .fini_array    0x080008a4        0x4 c:/program files (x86)/embitz/2.50/share/armgcc/bin/../lib/gcc/arm-none-eabi/9.3.1/thumb/v7e-m+fp/hard/crtbegin.o
                [!provide]                PROVIDE (__fini_array_end = .)
                0x080008a8                _sidata = LOADADDR (.data)

.data           0x20000000        0x0 load address 0x080008a8
                0x20000000                . = ALIGN (0x4)
                0x20000000                _sdata = .
 *(.data)
 *(.data*)
                0x20000000                . = ALIGN (0x4)
                0x20000000                _edata = .

.igot.plt       0x20000000        0x0 load address 0x080008a8
 .igot.plt      0x20000000        0x0 c:/program files (x86)/embitz/2.50/share/armgcc/bin/../lib/gcc/arm-none-eabi/9.3.1/thumb/v7e-m+fp/hard/crtbegin.o
                0x20000000                . = ALIGN (0x4)

.bss            0x20000000       0x1c load address 0x080008a8
                0x20000000                _sbss = .
                0x20000000                __bss_start__ = _sbss
 *(.bss)
 .bss           0x20000000       0x1c c:/program files (x86)/embitz/2.50/share/armgcc/bin/../lib/gcc/arm-none-eabi/9.3.1/thumb/v7e-m+fp/hard/crtbegin.o
 *(.bss*)
 *(COMMON)
                0x2000001c                . = ALIGN (0x4)
                0x2000001c                _ebss = .
                0x2000001c                __bss_end__ = _ebss

.heap           0x2000001c        0x0 load address 0x080008a8
                0x2000001c                . = ALIGN (0x4)
                [!provide]                PROVIDE (end = .)
                [!provide]                PROVIDE (_end = .)
 *(.heap*)
                0x2000001c                . = (. + _Min_Heap_Size)
                0x2000001c                __HeapLimit = .
                0x2000001c                . = ALIGN (0x4)

.ARM.attributes
                0x00000000       0x30
 *(.ARM.attributes)
 .ARM.attributes
                0x00000000       0x1e c:/program files (x86)/embitz/2.50/share/armgcc/bin/../lib/gcc/arm-none-eabi/9.3.1/thumb/v7e-m+fp/hard/crti.o
 .ARM.attributes
                0x0000001e       0x34 c:/program files (x86)/embitz/2.50/share/armgcc/bin/../lib/gcc/arm-none-eabi/9.3.1/thumb/v7e-m+fp/hard/crtbegin.o
 .ARM.attributes
                0x00000052       0x21 obj\debug\src\startup_stm32f301x8.o
 .ARM.attributes
                0x00000073       0x34 obj\debug\src\mcu_setup.o
 .ARM.attributes
                0x000000a7       0x34 obj\debug\src\system_stm32f30x.o
 .ARM.attributes
                0x000000db       0x34 obj\debug\src\usart_setup.o
 .ARM.attributes
                0x0000010f       0x34 obj\debug\src\main.o
 .ARM.attributes
                0x00000143       0x1e c:/program files (x86)/embitz/2.50/share/armgcc/bin/../lib/gcc/arm-none-eabi/9.3.1/thumb/v7e-m+fp/hard/crtn.o
                0x20003f00                __StackLimit = (_estack - _Min_Stack_Size)
                0x00000001                ASSERT ((__StackLimit >= __HeapLimit), Region RAM overflowed with stack)
LOAD obj\debug\src\startup_stm32f301x8.o
LOAD obj\debug\src\mcu_setup.o
LOAD obj\debug\src\system_stm32f30x.o
LOAD obj\debug\src\usart_setup.o
LOAD obj\debug\src\main.o
START GROUP
LOAD c:/program files (x86)/embitz/2.50/share/armgcc/bin/../lib/gcc/arm-none-eabi/9.3.1/thumb/v7e-m+fp/hard\libgcc.a
LOAD c:/program files (x86)/embitz/2.50/share/armgcc/bin/../lib/gcc/arm-none-eabi/9.3.1/../../../../arm-none-eabi/lib/thumb/v7e-m+fp/hard\libg_nano.a
LOAD c:/program files (x86)/embitz/2.50/share/armgcc/bin/../lib/gcc/arm-none-eabi/9.3.1/../../../../arm-none-eabi/lib/thumb/v7e-m+fp/hard\libc_nano.a
END GROUP
START GROUP
LOAD c:/program files (x86)/embitz/2.50/share/armgcc/bin/../lib/gcc/arm-none-eabi/9.3.1/thumb/v7e-m+fp/hard\libgcc.a
LOAD c:/program files (x86)/embitz/2.50/share/armgcc/bin/../lib/gcc/arm-none-eabi/9.3.1/../../../../arm-none-eabi/lib/thumb/v7e-m+fp/hard\libc_nano.a
LOAD c:/program files (x86)/embitz/2.50/share/armgcc/bin/../lib/gcc/arm-none-eabi/9.3.1/../../../../arm-none-eabi/lib/thumb/v7e-m+fp/hard\libnosys.a
END GROUP
START GROUP
LOAD c:/program files (x86)/embitz/2.50/share/armgcc/bin/../lib/gcc/arm-none-eabi/9.3.1/thumb/v7e-m+fp/hard\libgcc.a
LOAD c:/program files (x86)/embitz/2.50/share/armgcc/bin/../lib/gcc/arm-none-eabi/9.3.1/../../../../arm-none-eabi/lib/thumb/v7e-m+fp/hard\libc_nano.a
LOAD c:/program files (x86)/embitz/2.50/share/armgcc/bin/../lib/gcc/arm-none-eabi/9.3.1/../../../../arm-none-eabi/lib/thumb/v7e-m+fp/hard\libnosys.a
END GROUP
LOAD c:/program files (x86)/embitz/2.50/share/armgcc/bin/../lib/gcc/arm-none-eabi/9.3.1/thumb/v7e-m+fp/hard/crtend.o
LOAD c:/program files (x86)/embitz/2.50/share/armgcc/bin/../lib/gcc/arm-none-eabi/9.3.1/thumb/v7e-m+fp/hard/crtn.o
OUTPUT(bin\Debug\MCU_harfa_new.elf elf32-littlearm)
LOAD linker stubs

.debug_line     0x00000000      0x92a
 .debug_line    0x00000000       0x76 obj\debug\src\startup_stm32f301x8.o
 .debug_line    0x00000076      0x24c obj\debug\src\mcu_setup.o
 .debug_line    0x000002c2      0x293 obj\debug\src\system_stm32f30x.o
 .debug_line    0x00000555      0x17d obj\debug\src\usart_setup.o
 .debug_line    0x000006d2      0x258 obj\debug\src\main.o

.debug_info     0x00000000     0x142f
 .debug_info    0x00000000       0x22 obj\debug\src\startup_stm32f301x8.o
 .debug_info    0x00000022      0x63c obj\debug\src\mcu_setup.o
 .debug_info    0x0000065e      0x502 obj\debug\src\system_stm32f30x.o
 .debug_info    0x00000b60      0x30e obj\debug\src\usart_setup.o
 .debug_info    0x00000e6e      0x5c1 obj\debug\src\main.o

.debug_abbrev   0x00000000      0x530
 .debug_abbrev  0x00000000       0x12 obj\debug\src\startup_stm32f301x8.o
 .debug_abbrev  0x00000012      0x14b obj\debug\src\mcu_setup.o
 .debug_abbrev  0x0000015d      0x189 obj\debug\src\system_stm32f30x.o
 .debug_abbrev  0x000002e6      0x106 obj\debug\src\usart_setup.o
 .debug_abbrev  0x000003ec      0x144 obj\debug\src\main.o

.debug_aranges  0x00000000       0xd8
 .debug_aranges
                0x00000000       0x28 obj\debug\src\startup_stm32f301x8.o
 .debug_aranges
                0x00000028       0x38 obj\debug\src\mcu_setup.o
 .debug_aranges
                0x00000060       0x30 obj\debug\src\system_stm32f30x.o
 .debug_aranges
                0x00000090       0x28 obj\debug\src\usart_setup.o
 .debug_aranges
                0x000000b8       0x20 obj\debug\src\main.o

.debug_str      0x00000000      0x545
 .debug_str     0x00000000       0x65 obj\debug\src\startup_stm32f301x8.o
 .debug_str     0x00000065      0x351 obj\debug\src\mcu_setup.o
                                0x3db (size before relaxing)
 .debug_str     0x000003b6       0xfd obj\debug\src\system_stm32f30x.o
                                0x345 (size before relaxing)
 .debug_str     0x000004b3       0x46 obj\debug\src\usart_setup.o
                                0x2a8 (size before relaxing)
 .debug_str     0x000004f9       0x4c obj\debug\src\main.o
                                0x386 (size before relaxing)

.debug_ranges   0x00000000       0x90
 .debug_ranges  0x00000000       0x20 obj\debug\src\startup_stm32f301x8.o
 .debug_ranges  0x00000020       0x28 obj\debug\src\mcu_setup.o
 .debug_ranges  0x00000048       0x20 obj\debug\src\system_stm32f30x.o
 .debug_ranges  0x00000068       0x18 obj\debug\src\usart_setup.o
 .debug_ranges  0x00000080       0x10 obj\debug\src\main.o

.comment        0x00000000       0x4c
 .comment       0x00000000       0x4c obj\debug\src\mcu_setup.o
                                 0x4d (size before relaxing)
 .comment       0x0000004c       0x4d obj\debug\src\system_stm32f30x.o
 .comment       0x0000004c       0x4d obj\debug\src\usart_setup.o
 .comment       0x0000004c       0x4d obj\debug\src\main.o

.debug_frame    0x00000000      0x1a0
 .debug_frame   0x00000000       0x98 obj\debug\src\mcu_setup.o
 .debug_frame   0x00000098       0x7c obj\debug\src\system_stm32f30x.o
 .debug_frame   0x00000114       0x58 obj\debug\src\usart_setup.o
 .debug_frame   0x0000016c       0x34 obj\debug\src\main.o
